age-gender-recognition-retail-0013
age-gender-recognition-retail-0013-fp16
emotions-recognition-retail-0003
emotions-recognition-retail-0003-fp16
emotions-recognition-retail-0003-int8
face-detection-adas-0001
face-detection-adas-0001-fp16
face-detection-adas-0001-int8
face-detection-retail-0004
face-detection-retail-0004-fp16
face-detection-retail-0004-int8
face-person-detection-retail-0002
face-person-detection-retail-0002-fp16
face-reidentification-retail-0095
face-reidentification-retail-0095-fp16
facial-landmarks-35-adas-0002
facial-landmarks-35-adas-0002-fp16
head-pose-estimation-adas-0001
head-pose-estimation-adas-0001-fp16
head-pose-estimation-adas-0001-int8
human-pose-estimation-0001
human-pose-estimation-0001-fp16
human-pose-estimation-0001-int8
landmarks-regression-retail-0009
landmarks-regression-retail-0009-fp16
license-plate-recognition-barrier-0001
license-plate-recognition-barrier-0001-fp16
pedestrian-and-vehicle-detector-adas-0001
pedestrian-and-vehicle-detector-adas-0001-fp16
pedestrian-and-vehicle-detector-adas-0001-int8
pedestrian-detection-adas-0002
pedestrian-detection-adas-0002-fp16
pedestrian-detection-adas-0002-int8
person-attributes-recognition-crossroad-0230
person-attributes-recognition-crossroad-0230-fp16
person-detection-retail-0002
person-detection-retail-0002-fp16
person-detection-retail-0013
person-detection-retail-0013-fp16
person-reidentification-retail-0031
person-reidentification-retail-0031-fp16
person-reidentification-retail-0076
person-reidentification-retail-0076-fp16
person-reidentification-retail-0079
person-reidentification-retail-0079-fp16
person-vehicle-bike-detection-crossroad-0078
person-vehicle-bike-detection-crossroad-0078-fp16
vehicle-attributes-recognition-barrier-0039
vehicle-attributes-recognition-barrier-0039-fp16
vehicle-attributes-recognition-barrier-0039-int8
vehicle-detection-adas-0002
vehicle-detection-adas-0002-fp16
vehicle-detection-adas-0002-int8
vehicle-license-plate-detection-barrier-0106
vehicle-license-plate-detection-barrier-0106-fp16
