face-detection-adas-0001
age-gender-recognition-retail-0013
emotions-recognition-retail-0003
landmarks-regression-retail-0009
facial-landmarks-35-adas-0002
person-vehicle-bike-detection-2004
person-attributes-recognition-crossroad-0230
vehicle-attributes-recognition-barrier-0039
head-pose-estimation-adas-0001
human-pose-estimation-0001
aclnet
action-recognition-0001-encoder
action-recognition-0001-decoder
instance-segmentation-security-1040
efficientnet-b0
action-recognition-0001
alexnet
anti-spoof-mn3
densenet-121
densenet-121-tf
dla-34
driver-action-recognition-adas-0002
efficientdet-d0-tf
efficientdet-d1-tf
efficientnet-b0-pytorch
efficientnet-b0_INT8
emotion-ferplus-8
face-detection-0200
face-detection-0202
face-detection-0204
face-detection-0205
face-detection-0206
face-detection-retail-0004
face-detection-retail-0005
face-detection-retail-0044
facial-landmarks-98-detection-0001
faster_rcnn_inception_resnet_v2_atrous_coco
faster_rcnn_resnet50_coco
googlenet-v1
googlenet-v1-tf
googlenet-v2
googlenet-v2-tf
googlenet-v3
googlenet-v3-pytorch
googlenet-v4-tf
hbonet-0.25
hbonet-1.0
horizontal-text-detection-0001
horizontal-text-detection-0002
icnet-camvid-ava-0001
inception-resnet-v2-tf
instance-segmentation-person-0007
instance-segmentation-security-0002
instance-segmentation-security-0091
instance-segmentation-security-0228
instance-segmentation-security-1039
license-plate-recognition-barrier-0007
mask_rcnn_resnet50_atrous_coco
mask_rcnn_inception_resnet_v2_atrous_coco
mixnet-l
mobilenet-ssd
mobilenet-v1-0.25-128
mobilenet-v1-1.0-224
mobilenet-v1-1.0-224-tf
mobilenet-v2
mobilenet-v2-1.0-224
mobilenet-v2-1.4-224
mobilenet-v2-pytorch
mobilenet-v3-large-1.0-224-tf
mobilenet-v3-small-1.0-224-tf
mobilenet-yolo-v4-syg
mobilenetv2-7
nfnet-f0
octave-resnet-26-0.25
open-closed-eye-0001
pedestrian-and-vehicle-detector-adas-0001
pedestrian-detection-adas-0002
pelee-coco
person-attributes-recognition-crossroad-0234
person-attributes-recognition-crossroad-0238
person-detection-0200
person-detection-0201
person-detection-0202
person-detection-0203
person-detection-asl-0001
person-detection-retail-0013
person-vehicle-bike-detection-2000
person-vehicle-bike-detection-2001
person-vehicle-bike-detection-2002
person-vehicle-bike-detection-2003
person-vehicle-bike-detection-crossroad-0078
person-vehicle-bike-detection-crossroad-1016
person-vehicle-bike-detection-crossroad-yolov3-1020
product-detection-0001
regnetx-3.2gf
repvgg-a0
repvgg-b1
repvgg-b3
resnest-50-pytorch
resnet-18-pytorch
resnet-34-pytorch
resnet-50-pytorch
resnet-50-tf
resnet-50-tf_INT8
resnet18-xnor-binary-onnx-0001
resnet50-binary-0001
retinanet-tf
rexnet-v1-x1.0
rfcn-resnet101-coco-tf
road-segmentation-adas-0001
se-inception
se-resnet-50
se-resnext-50
semantic-segmentation-adas-0001
shufflenet-v2-x0.5
shufflenet-v2-x1.0
single-human-pose-estimation-0001
squeezenet1.0
squeezenet1.1
ssd300
ssd512
ssd_mobilenet_v1_coco
ssd_mobilenet_v1_coco_INT8
ssd_mobilenet_v1_fpn_coco
ssdlite_mobilenet_v2
ssdlite_mobilenet_v2_INT8
swin-tiny-patch4-window7-224
text-detection-0003
text-recognition-0012-mod
torchvision.models.detection.ssdlite320_mobilenet_v3_large
vehicle-attributes-recognition-barrier-0042
vehicle-detection-0200
vehicle-detection-0201
vehicle-detection-0202
vehicle-detection-adas-0002
vehicle-license-plate-detection-barrier-0106
vehicle-license-plate-detection-barrier-0123
vgg16
vgg19
weld-porosity-detection-0001
mask_rcnn_inception_resnet_v2_atrous_coco
mask_rcnn_resnet50_atrous_coco
efficientnet-v2-b0
efficientnet-v2-s
yolo-v3-tf
yolo-v3-tiny-tf
yolo-v4-tf
yolo-v4-tf_INT8
yolo-v4-tiny-tf
yolov5s-416
yolov5s-416_INT8